tftlcd.c:20:6:LCD_WR_REG	8	static
tftlcd.c:27:6:LCD_WR_DATA	8	static
tftlcd.c:34:10:LCD_RD_DATA	8	static
tftlcd.c:43:6:LCD_WriteReg	0	static
tftlcd.c:51:10:LCD_ReadReg	16	static
tftlcd.c:58:6:LCD_WriteRAM_Prepare	0	static
tftlcd.c:64:6:LCD_WriteRAM	0	static
tftlcd.c:72:10:LCD_BGR2RGB	0	static
tftlcd.c:83:6:opt_delay	0	static
tftlcd.c:109:6:LCD_DisplayOn	0	static
tftlcd.c:115:6:LCD_DisplayOff	0	static
tftlcd.c:123:6:LCD_SetCursor	16	static
tftlcd.c:90:10:LCD_ReadPoint	16	static
tftlcd.c:162:6:LCD_Scan_Dir	24	static
tftlcd.c:258:6:LCD_DrawPoint	16	static
tftlcd.c:267:6:LCD_Fast_DrawPoint	20	static
tftlcd.c:1882:6:LCD_ShowChar.constprop	56	static
tftlcd.c:296:6:LCD_SSD_BackLightSet	4	static
tftlcd.c:309:6:LCD_Display_Dir	4	static
tftlcd.c:378:6:LCD_Set_Window	32	static
tftlcd.c:422:6:LCD_MPU_Config	24	static
tftlcd.c:443:6:TFTLCD_Init	88	static
tftlcd.c:1759:6:LCD_Clear	16	static
tftlcd.c:1774:6:LCD_Fill	56	static
tftlcd.c:1789:6:LCD_Color_Fill	48	static
tftlcd.c:1805:6:LCD_DrawLine	80	static
tftlcd.c:1841:6:LCD_DrawRectangle	72	static
tftlcd.c:1851:6:LCD_Draw_Circle	72	static
tftlcd.c:1882:6:LCD_ShowChar	56	static
tftlcd.c:1914:10:LCD_Pow	0	static
tftlcd.c:1926:6:LCD_ShowNum	48	static
tftlcd.c:1954:6:LCD_ShowxNum	64	static
tftlcd.c:1979:6:LCD_ShowString	40	static
