touch.c:247:4:TP_Get_Adjdata.part.0	16	static
touch.c:48:6:TP_Write_Byte	24	static
touch.c:65:5:TP_Read_AD	24	static
touch.c:98:5:TP_Read_XOY	32	static
touch.c:126:4:TP_Read_XY	48	static
touch.c:142:4:TP_Read_XY2	72	static
touch.c:192:4:TP_Scan	8	static
touch.c:165:6:TP_Drow_Touch_Point	32	static
touch.c:179:6:TP_Draw_Big_Point	24	static
touch.c:227:6:TP_Save_Adjdata	16	static
touch.c:247:4:TP_Get_Adjdata	8	static
touch.c:279:6:TP_Adj_Info_Show	64	static
touch.c:305:6:TP_Adjust	128	static
touch.c:458:4:TP_Init	72	static
touch.c:531:6:Load_Drow_Dialog	24	static
touch.c:544:6:gui_draw_hline	24	static
touch.c:553:6:gui_fill_circle	72	static
touch.c:579:5:my_abs	0	static
touch.c:588:6:lcd_draw_bline	64	static
touch.c:627:6:rtp_test	56	static
touch.c:655:6:ctp_test	136	static
